&eval.File{Body: &eval.Struct{
	Fields: []eval.Field{&eval.Embedded{
		Expression: &eval.Schema{Struct: &eval.Struct{
			Fields: []eval.Field{&eval.KeyValue{
				Key: eval.FieldKey{
					Key: eval.Value{
						Value: value.String("x"),
					},
					Pos: eval.Position{
						Filename: "default.acorn",
						Offset:   10,
						Line:     2,
						Column:   2,
					},
				},
				Value: &eval.Default{
					Expr: eval.Value{Value: value.Number("1")},
					Pos: eval.Position{
						Filename: "default.acorn",
						Offset:   13,
						Line:     2,
						Column:   5,
					},
				},
				Pos: eval.Position{
					Filename: "default.acorn",
					Offset:   10,
					Line:     2,
					Column:   2,
				},
			}},
		}},
	}},
}}
