&eval.File{Body: &eval.Struct{
	Fields: []eval.Field{&eval.Embedded{
		Expression: &eval.If{
			Condition: eval.Value{
				Value: value.Boolean(true),
			},
			Value: &eval.Struct{Fields: []eval.Field{&eval.KeyValue{
				Key: eval.FieldKey{
					Key: eval.Value{
						Value: value.String("a"),
					},
					Pos: eval.Position{
						Filename: "if.acorn",
						Offset:   11,
						Line:     2,
						Column:   2,
					},
				},
				Value: eval.Value{Value: value.Number("1")},
				Pos: eval.Position{
					Filename: "if.acorn",
					Offset:   11,
					Line:     2,
					Column:   2,
				},
			}}},
		},
	}},
}}
