&eval.File{Body: &eval.Struct{
	Fields: []eval.Field{&eval.KeyValue{
		Key: eval.FieldKey{
			Key: eval.Value{
				Value: value.String("x"),
			},
			Pos: eval.Position{
				Filename: "ifelse.acorn",
				Line:     1,
				Column:   1,
			},
		},
		Value: &eval.If{
			Condition: &eval.Op{
				Operator: value.Operator("=="),
				Left: &eval.Lookup{
					Pos: eval.Position{
						Filename: "ifelse.acorn",
						Offset:   6,
						Line:     1,
						Column:   7,
					},
					Key: "y",
				},
				Right: eval.Value{Value: value.Number("1")},
				Pos: eval.Position{
					Filename: "ifelse.acorn",
					Offset:   8,
					Line:     1,
					Column:   9,
				},
			},
			Value: &eval.Struct{Fields: []eval.Field{&eval.Embedded{Expression: eval.Value{Value: value.Number("0")}}}},
			Else: &eval.If{
				Condition: &eval.Op{
					Operator: value.Operator("=="),
					Left: &eval.Lookup{
						Pos: eval.Position{
							Filename: "ifelse.acorn",
							Offset:   28,
							Line:     3,
							Column:   11,
						},
						Key: "y",
					},
					Right: eval.Value{Value: value.Number("2")},
					Pos: eval.Position{
						Filename: "ifelse.acorn",
						Offset:   30,
						Line:     3,
						Column:   13,
					},
				},
				Value: &eval.Struct{Fields: []eval.Field{&eval.Embedded{Expression: eval.Value{
					Value: value.Number("1"),
				}}}},
				Else: &eval.Struct{Fields: []eval.Field{&eval.Embedded{Expression: eval.Value{Value: value.Number("2")}}}},
			},
		},
		Pos: eval.Position{
			Filename: "ifelse.acorn",
			Line:     1,
			Column:   1,
		},
	}},
}}
