&eval.Struct{Fields: []eval.Field{
	&eval.Embedded{Expression: &eval.For{
		Value: "x",
		Collection: &eval.Lookup{
			Pos: eval.Position{
				Filename: "for.acorn",
				Offset:   9,
				Line:     1,
				Column:   10,
			},
			Key: "list",
		},
		Body: &eval.Struct{Fields: []eval.Field{&eval.KeyValue{
			Key: eval.FieldKey{
				Key: eval.Value{Value: value.String("a")},
				Pos: eval.Position{
					Filename: "for.acorn",
					Offset:   17,
					Line:     2,
					Column:   2,
				},
			},
			Value: eval.Value{Value: value.Number("1")},
			Pos: eval.Position{
				Filename: "for.acorn",
				Offset:   17,
				Line:     2,
				Column:   2,
			},
		}}},
		Merge: true,
	}},
	&eval.Embedded{Expression: &eval.For{
		Key:   "i",
		Value: "y",
		Collection: &eval.Lookup{
			Pos: eval.Position{
				Filename: "for.acorn",
				Offset:   36,
				Line:     4,
				Column:   13,
			},
			Key: "list2",
		},
		Body: &eval.Struct{Fields: []eval.Field{&eval.KeyValue{
			Key: eval.FieldKey{
				Key: eval.Value{Value: value.String("b")},
				Pos: eval.Position{
					Filename: "for.acorn",
					Offset:   45,
					Line:     5,
					Column:   2,
				},
			},
			Value: &eval.For{
				Value: "y",
				Collection: &eval.Array{Items: []eval.Expression{
					eval.Value{Value: value.Number("1")},
					eval.Value{Value: value.Number("2")},
				}},
				Body: &eval.Struct{Fields: []eval.Field{&eval.Embedded{Expression: eval.Value{
					Value: value.Boolean(true),
				}}}},
				Merge: true,
			},
			Pos: eval.Position{
				Filename: "for.acorn",
				Offset:   45,
				Line:     5,
				Column:   2,
			},
		}}},
		Merge: true,
	}},
}}
