&eval.Struct{Fields: []eval.Field{
	&eval.Embedded{Expression: &eval.Struct{}},
}}
