&eval.Struct{Fields: []eval.Field{
	&eval.KeyValue{
		Key: eval.Key{
			Value: eval.Value{Value: value.String("bin")},
		},
		Value: &eval.Op{
			Operator: "+",
			Left:     eval.Value{Value: value.Number("1")},
			Right:    eval.Value{Value: value.Number("1")},
			Pos: eval.Position{
				Filename: "expr.acorn",
				Offset:   7,
				Line:     1,
				Column:   8,
			},
		},
	},
	&eval.KeyValue{
		Key: eval.Key{Value: eval.Value{Value: value.String("uni")}},
		Value: &eval.Op{
			Unary:    true,
			Operator: "!",
			Left:     eval.Value{Value: value.Number("3")},
			Pos: eval.Position{
				Filename: "expr.acorn",
				Offset:   16,
				Line:     2,
				Column:   6,
			},
		},
	},
	&eval.KeyValue{
		Key: eval.Key{Value: eval.Value{Value: value.String("parens")}},
		Value: &eval.Parens{Expr: &eval.Op{
			Unary:    true,
			Operator: "!",
			Left: eval.Value{
				Value: value.Boolean(false),
			},
			Pos: eval.Position{
				Filename: "expr.acorn",
				Offset:   28,
				Line:     3,
				Column:   10,
			},
		}},
	},
	&eval.KeyValue{
		Key: eval.Key{Value: eval.Value{Value: value.String("ref")}},
		Value: &eval.Lookup{
			Pos: eval.Position{
				Filename: "expr.acorn",
				Offset:   41,
				Line:     4,
				Column:   6,
			},
			Key: "foo",
		},
	},
	&eval.KeyValue{
		Key: eval.Key{Value: eval.Value{Value: value.String("sel")}},
		Value: &eval.Selector{
			Pos: eval.Position{
				Filename: "expr.acorn",
				Offset:   50,
				Line:     5,
				Column:   6,
			},
			Base: &eval.Lookup{
				Pos: eval.Position{
					Filename: "expr.acorn",
					Offset:   50,
					Line:     5,
					Column:   6,
				},
				Key: "foo",
			},
			Key: eval.Value{Value: value.String("bar")},
		},
	},
	&eval.KeyValue{
		Key: eval.Key{Value: eval.Value{Value: value.String("index")}},
		Value: &eval.Index{
			Pos: eval.Position{
				Filename: "expr.acorn",
				Offset:   65,
				Line:     6,
				Column:   8,
			},
			Base:  eval.Value{Value: value.String("string")},
			Index: eval.Value{Value: value.Number("0")},
		},
	},
	&eval.KeyValue{
		Key: eval.Key{Value: eval.Value{Value: value.String("slice")}},
		Value: &eval.Slice{
			Pos: eval.Position{
				Filename: "expr.acorn",
				Offset:   89,
				Line:     7,
				Column:   13,
			},
			Base:  eval.Value{Value: value.String("str")},
			Start: eval.Value{Value: value.Number("0")},
			End:   eval.Value{Value: value.Number("1")},
		},
	},
	&eval.KeyValue{
		Key: eval.Key{Value: eval.Value{Value: value.String("slice")}},
		Value: &eval.Slice{
			Pos: eval.Position{
				Filename: "expr.acorn",
				Offset:   107,
				Line:     8,
				Column:   13,
			},
			Base: eval.Value{Value: value.String("str")},
			End:  eval.Value{Value: value.Number("1")},
		},
	},
	&eval.KeyValue{
		Key: eval.Key{Value: eval.Value{Value: value.String("slice")}},
		Value: &eval.Slice{
			Pos: eval.Position{
				Filename: "expr.acorn",
				Offset:   124,
				Line:     9,
				Column:   13,
			},
			Base:  eval.Value{Value: value.String("str")},
			Start: eval.Value{Value: value.Number("1")},
		},
	},
	&eval.KeyValue{
		Key: eval.Key{Value: eval.Value{Value: value.String("slice")}},
		Value: &eval.Slice{
			Pos: eval.Position{
				Filename: "expr.acorn",
				Offset:   141,
				Line:     10,
				Column:   13,
			},
			Base: eval.Value{Value: value.String("str")},
		},
	},
}}
