&eval.Struct{Fields: []eval.Field{
	&eval.KeyValue{
		Key: eval.Key{
			Value: eval.Value{Value: &value.String{
				String: "a",
			}},
		},
		Value: eval.Value{Value: value.Number("1")},
	},
	&eval.KeyValue{
		Key: eval.Key{Value: &eval.Interpolation{Parts: []interface{}{
			`"x`,
			&eval.Lookup{
				Pos: eval.Position{
					Filename: "keyinter.acorn",
					Offset:   9,
					Line:     2,
					Column:   5,
				},
				Key: "a",
			},
			`"`,
		}}},
		Value: &eval.Lookup{
			Pos: eval.Position{
				Filename: "keyinter.acorn",
				Offset:   14,
				Line:     2,
				Column:   10,
			},
			Key: "a",
		},
	},
}}
