&eval.Struct{Fields: []eval.Field{
	&eval.Embedded{Expression: &eval.For{
		Value: "x",
		Collection: &eval.Lookup{
			Pos: eval.Position{
				Filename: "listcomp.acorn",
				Offset:   10,
				Line:     1,
				Column:   11,
			},
			Key: "list",
		},
		Body: &eval.Struct{Fields: []eval.Field{&eval.KeyValue{
			Key: eval.FieldKey{
				Key: eval.Value{Value: value.String("x")},
				Pos: eval.Position{
					Filename: "listcomp.acorn",
					Offset:   18,
					Line:     2,
					Column:   2,
				},
			},
			Value: eval.Value{Value: value.Number("1")},
			Pos: eval.Position{
				Filename: "listcomp.acorn",
				Offset:   18,
				Line:     2,
				Column:   2,
			},
		}}},
	}},
}}
