&eval.Struct{Fields: []eval.Field{
	&eval.KeyValue{
		Key: eval.FieldKey{
			Key: eval.Value{Value: value.String("x")},
			Pos: eval.Position{
				Filename: "match.acorn",
				Line:     1,
				Column:   1,
			},
		},
		Value: &eval.Struct{Fields: []eval.Field{&eval.KeyValue{
			Key: eval.FieldKey{
				Match: eval.Value{
					Value: value.String("foo"),
				},
				Pos: eval.Position{
					Filename: "match.acorn",
					Offset:   15,
					Line:     2,
					Column:   11,
				},
			},
			Value: &eval.Struct{Fields: []eval.Field{&eval.Embedded{Expression: &eval.Lookup{
				Pos: eval.Position{
					Filename: "match.acorn",
					Offset:   32,
					Line:     3,
					Column:   9,
				},
				Key: "y",
			}}}},
			Pos: eval.Position{
				Filename: "match.acorn",
				Offset:   15,
				Line:     2,
				Column:   11,
			},
		}}},
		Pos: eval.Position{
			Filename: "match.acorn",
			Line:     1,
			Column:   1,
		},
	},
}}
