&eval.Struct{
	Comments: eval.Comments{
		Comments: [][]string{
			{
				"Block 1 line 1",
				"Block 1 line 2",
			},
			{"Block 2 line 1"},
		},
	},
	Fields: []eval.Field{&eval.Embedded{
		Comments: eval.Comments{Comments: [][]string{
			{
				"Block 3 before Object",
			},
			{"After object"},
		}},
		Expression: &eval.Struct{},
	}},
}
