"exceed max call depth 101 > 100: call-cycle.acorn:2:11: call-cycle.acorn:2:11: call-cycle.acorn:2:11: call-cycle.acorn:2:11: call-cycle.acorn:2:11: call-cycle.acorn:2:11: call-cycle.acorn:2:11: call-cycle.acorn:2:11: call-cycle.acorn:2:11: call-cycle.acorn:2:11: call-cycle.acorn:2:11: call-cycle.acorn:2:11: call-cycle.acorn:2:11: call-cycle.acorn:2:11: call-cycle.acorn:2:11: call-cycle.acorn:2:11: call-cycle.acorn:2:11: call-cycle.acorn:2:11: call-cycle.acorn:2:11: call-cycle.acorn:2:11: call-cycle.acorn:2:11: call-cycle.acorn:2:11: call-cycle.acorn:2:11: call-cycle.acorn:2:11: call-cycle.acorn:2:11: call-cycle.acorn:2:11: call-cycle.acorn:2:11: call-cycle.acorn:2:11: call-cycle.acorn:2:11: call-cycle.acorn:2:11: call-cycle.acorn:2:11: call-cycle.acorn:2:11: call-cycle.acorn:2:11: call-cycle.acorn:2:11: call-cycle.acorn:2:11: call-cycle.acorn:2:11: call-cycle.acorn:2:11: call-cycle.acorn:2:11: call-cycle.acorn:2:11: call-cycle.acorn:2:11: call-cycle.acorn:2:11: call-cycle.acorn:2:11: call-cycle.acorn:2:11: call-cycle.acorn:2:11: call-cycle.acorn:2:11: call-cycle.acorn:2:11: call-cycle.acorn:2:11: call-cycle.acorn:2:11: call-cycle.acorn:2:11: call-cycle.acorn:2:11: call-cycle.acorn:2:11: call-cycle.acorn:2:11: call-cycle.acorn:2:11: call-cycle.acorn:2:11: call-cycle.acorn:2:11: call-cycle.acorn:2:11: call-cycle.acorn:2:11: call-cycle.acorn:2:11: call-cycle.acorn:2:11: call-cycle.acorn:2:11: call-cycle.acorn:2:11: call-cycle.acorn:2:11: call-cycle.acorn:2:11: call-cycle.acorn:2:11: call-cycle.acorn:2:11: call-cycle.acorn:2:11: call-cycle.acorn:2:11: call-cycle.acorn:2:11: call-cycle.acorn:2:11: call-cycle.acorn:2:11: call-cycle.acorn:2:11: call-cycle.acorn:2:11: call-cycle.acorn:2:11: call-cycle.acorn:2:11: call-cycle.acorn:2:11: call-cycle.acorn:2:11: call-cycle.acorn:2:11: call-cycle.acorn:2:11: call-cycle.acorn:2:11: call-cycle.acorn:2:11: call-cycle.acorn:2:11: call-cycle.acorn:2:11: call-cycle.acorn:2:11: call-cycle.acorn:2:11: call-cycle.acorn:2:11: call-cycle.acorn:2:11: call-cycle.acorn:2:11: call-cycle.acorn:2:11: call-cycle.acorn:2:11: call-cycle.acorn:2:11: call-cycle.acorn:2:11: call-cycle.acorn:2:11: call-cycle.acorn:2:11: call-cycle.acorn:2:11: call-cycle.acorn:2:11: call-cycle.acorn:2:11: call-cycle.acorn:2:11: call-cycle.acorn:2:11: call-cycle.acorn:2:11: call-cycle.acorn:2:11: call-cycle.acorn:4:5"
