&value.ErrMissingRequiredKeys{Keys: []string{
	"y",
}}
