"invalid cycle detected in key args: keyloop-bad-func.acorn:5:10: keyloop-bad-func.acorn:8:7"
