"schema violation Schema.foo: expected kind number but got string"
