&errors.errorString{s: "parse: string literal not terminated (and 1 more errors)"}
