`{
  "a": [
    1,
    2,
    3
  ],
  "b": [
    1,
    {
      "c": 1
    },
    {
      "c": 3
    },
    {
      "c": 6
    },
    3
  ]
}`
