`{
  "a": {
    "arr": [
      1,
      3
    ],
    "b": 3,
    "c": 2
  }
}`
