`{
  "x": "asfd\tj\n",
  "y": "asdfasfd\tj\n\nfff"
}`
