&value.ErrMissingRequiredKeys{Keys: []string{
	"foo",
}}
