&errors.errorString{s: "can not override field kind number with kind string"}
