"{\n  \"ml\": \"xxx\\n\",\n  \"mlinline\": \"xxxx\\\"\\\"x\",\n  \"mlinline2\": \"xxxx\\\"\\\"x\",\n  \"mlinlineescape\": \"xxx\\\"\\\"\\\"x\",\n  \"mlinlineescape2\": \"xxx\\\\```x\",\n  \"mlinlineescape4\": \"xxx\\\\\",\n  \"mlinliner3\": \"x\\\\xxx\",\n  \"quotes\": \"\\\"\\\"\\\"\"\n}"
