{
  "Args": {
    "path": "args",
    "fields": [
      {
        "name": "foo",
        "description": "A bool",
        "type": {
          "kind": "string",
          "default": "la"
        }
      }
    ]
  },
  "ProfileNames": [
    {
      "Value": "one",
      "Description": "Describe one"
    },
    {
      "Value": "two",
      "Description": ""
    }
  ]
}